# Evaluating ...
40320.1
# Stepping ...
##    0: ConstDecl(f,Function(Some(f),x,If(Binary(Eq,Var(x),N(0.0)),N(1.0),Binary(Times,Var(x),Call(Var(f),Binary(Minus,Var(x),N(1.0)))))),Binary(Plus,Call(Var(f),N(8.0)),N(0.1)))
##    1: Binary(Plus,Call(Function(Some(f),x,If(Binary(Eq,Var(x),N(0.0)),N(1.0),Binary(Times,Var(x),Call(Var(f),Binary(Minus,Var(x),N(1.0)))))),N(8.0)),N(0.1))
##    2: Binary(Plus,If(Binary(Eq,N(8.0),N(0.0)),N(1.0),Binary(Times,N(8.0),Call(Function(Some(f),x,If(Binary(Eq,Var(x),N(0.0)),N(1.0),Binary(Times,Var(x),Call(Var(f),Binary(Minus,Var(x),N(1.0)))))),Binary(Minus,N(8.0),N(1.0))))),N(0.1))
##    3: Binary(Plus,If(B(false),N(1.0),Binary(Times,N(8.0),Call(Function(Some(f),x,If(Binary(Eq,Var(x),N(0.0)),N(1.0),Binary(Times,Var(x),Call(Var(f),Binary(Minus,Var(x),N(1.0)))))),Binary(Minus,N(8.0),N(1.0))))),N(0.1))
##    4: Binary(Plus,Binary(Times,N(8.0),Call(Function(Some(f),x,If(Binary(Eq,Var(x),N(0.0)),N(1.0),Binary(Times,Var(x),Call(Var(f),Binary(Minus,Var(x),N(1.0)))))),Binary(Minus,N(8.0),N(1.0)))),N(0.1))
##    5: Binary(Plus,Binary(Times,N(8.0),Call(Function(Some(f),x,If(Binary(Eq,Var(x),N(0.0)),N(1.0),Binary(Times,Var(x),Call(Var(f),Binary(Minus,Var(x),N(1.0)))))),N(7.0))),N(0.1))
##    6: Binary(Plus,Binary(Times,N(8.0),If(Binary(Eq,N(7.0),N(0.0)),N(1.0),Binary(Times,N(7.0),Call(Function(Some(f),x,If(Binary(Eq,Var(x),N(0.0)),N(1.0),Binary(Times,Var(x),Call(Var(f),Binary(Minus,Var(x),N(1.0)))))),Binary(Minus,N(7.0),N(1.0)))))),N(0.1))
##    7: Binary(Plus,Binary(Times,N(8.0),If(B(false),N(1.0),Binary(Times,N(7.0),Call(Function(Some(f),x,If(Binary(Eq,Var(x),N(0.0)),N(1.0),Binary(Times,Var(x),Call(Var(f),Binary(Minus,Var(x),N(1.0)))))),Binary(Minus,N(7.0),N(1.0)))))),N(0.1))
##    8: Binary(Plus,Binary(Times,N(8.0),Binary(Times,N(7.0),Call(Function(Some(f),x,If(Binary(Eq,Var(x),N(0.0)),N(1.0),Binary(Times,Var(x),Call(Var(f),Binary(Minus,Var(x),N(1.0)))))),Binary(Minus,N(7.0),N(1.0))))),N(0.1))
##    9: Binary(Plus,Binary(Times,N(8.0),Binary(Times,N(7.0),Call(Function(Some(f),x,If(Binary(Eq,Var(x),N(0.0)),N(1.0),Binary(Times,Var(x),Call(Var(f),Binary(Minus,Var(x),N(1.0)))))),N(6.0)))),N(0.1))
##   10: Binary(Plus,Binary(Times,N(8.0),Binary(Times,N(7.0),If(Binary(Eq,N(6.0),N(0.0)),N(1.0),Binary(Times,N(6.0),Call(Function(Some(f),x,If(Binary(Eq,Var(x),N(0.0)),N(1.0),Binary(Times,Var(x),Call(Var(f),Binary(Minus,Var(x),N(1.0)))))),Binary(Minus,N(6.0),N(1.0))))))),N(0.1))
##   11: Binary(Plus,Binary(Times,N(8.0),Binary(Times,N(7.0),If(B(false),N(1.0),Binary(Times,N(6.0),Call(Function(Some(f),x,If(Binary(Eq,Var(x),N(0.0)),N(1.0),Binary(Times,Var(x),Call(Var(f),Binary(Minus,Var(x),N(1.0)))))),Binary(Minus,N(6.0),N(1.0))))))),N(0.1))
##   12: Binary(Plus,Binary(Times,N(8.0),Binary(Times,N(7.0),Binary(Times,N(6.0),Call(Function(Some(f),x,If(Binary(Eq,Var(x),N(0.0)),N(1.0),Binary(Times,Var(x),Call(Var(f),Binary(Minus,Var(x),N(1.0)))))),Binary(Minus,N(6.0),N(1.0)))))),N(0.1))
##   13: Binary(Plus,Binary(Times,N(8.0),Binary(Times,N(7.0),Binary(Times,N(6.0),Call(Function(Some(f),x,If(Binary(Eq,Var(x),N(0.0)),N(1.0),Binary(Times,Var(x),Call(Var(f),Binary(Minus,Var(x),N(1.0)))))),N(5.0))))),N(0.1))
##   14: Binary(Plus,Binary(Times,N(8.0),Binary(Times,N(7.0),Binary(Times,N(6.0),If(Binary(Eq,N(5.0),N(0.0)),N(1.0),Binary(Times,N(5.0),Call(Function(Some(f),x,If(Binary(Eq,Var(x),N(0.0)),N(1.0),Binary(Times,Var(x),Call(Var(f),Binary(Minus,Var(x),N(1.0)))))),Binary(Minus,N(5.0),N(1.0)))))))),N(0.1))
##   15: Binary(Plus,Binary(Times,N(8.0),Binary(Times,N(7.0),Binary(Times,N(6.0),If(B(false),N(1.0),Binary(Times,N(5.0),Call(Function(Some(f),x,If(Binary(Eq,Var(x),N(0.0)),N(1.0),Binary(Times,Var(x),Call(Var(f),Binary(Minus,Var(x),N(1.0)))))),Binary(Minus,N(5.0),N(1.0)))))))),N(0.1))
##   16: Binary(Plus,Binary(Times,N(8.0),Binary(Times,N(7.0),Binary(Times,N(6.0),Binary(Times,N(5.0),Call(Function(Some(f),x,If(Binary(Eq,Var(x),N(0.0)),N(1.0),Binary(Times,Var(x),Call(Var(f),Binary(Minus,Var(x),N(1.0)))))),Binary(Minus,N(5.0),N(1.0))))))),N(0.1))
##   17: Binary(Plus,Binary(Times,N(8.0),Binary(Times,N(7.0),Binary(Times,N(6.0),Binary(Times,N(5.0),Call(Function(Some(f),x,If(Binary(Eq,Var(x),N(0.0)),N(1.0),Binary(Times,Var(x),Call(Var(f),Binary(Minus,Var(x),N(1.0)))))),N(4.0)))))),N(0.1))
##   18: Binary(Plus,Binary(Times,N(8.0),Binary(Times,N(7.0),Binary(Times,N(6.0),Binary(Times,N(5.0),If(Binary(Eq,N(4.0),N(0.0)),N(1.0),Binary(Times,N(4.0),Call(Function(Some(f),x,If(Binary(Eq,Var(x),N(0.0)),N(1.0),Binary(Times,Var(x),Call(Var(f),Binary(Minus,Var(x),N(1.0)))))),Binary(Minus,N(4.0),N(1.0))))))))),N(0.1))
##   19: Binary(Plus,Binary(Times,N(8.0),Binary(Times,N(7.0),Binary(Times,N(6.0),Binary(Times,N(5.0),If(B(false),N(1.0),Binary(Times,N(4.0),Call(Function(Some(f),x,If(Binary(Eq,Var(x),N(0.0)),N(1.0),Binary(Times,Var(x),Call(Var(f),Binary(Minus,Var(x),N(1.0)))))),Binary(Minus,N(4.0),N(1.0))))))))),N(0.1))
##   20: Binary(Plus,Binary(Times,N(8.0),Binary(Times,N(7.0),Binary(Times,N(6.0),Binary(Times,N(5.0),Binary(Times,N(4.0),Call(Function(Some(f),x,If(Binary(Eq,Var(x),N(0.0)),N(1.0),Binary(Times,Var(x),Call(Var(f),Binary(Minus,Var(x),N(1.0)))))),Binary(Minus,N(4.0),N(1.0)))))))),N(0.1))
##   21: Binary(Plus,Binary(Times,N(8.0),Binary(Times,N(7.0),Binary(Times,N(6.0),Binary(Times,N(5.0),Binary(Times,N(4.0),Call(Function(Some(f),x,If(Binary(Eq,Var(x),N(0.0)),N(1.0),Binary(Times,Var(x),Call(Var(f),Binary(Minus,Var(x),N(1.0)))))),N(3.0))))))),N(0.1))
##   22: Binary(Plus,Binary(Times,N(8.0),Binary(Times,N(7.0),Binary(Times,N(6.0),Binary(Times,N(5.0),Binary(Times,N(4.0),If(Binary(Eq,N(3.0),N(0.0)),N(1.0),Binary(Times,N(3.0),Call(Function(Some(f),x,If(Binary(Eq,Var(x),N(0.0)),N(1.0),Binary(Times,Var(x),Call(Var(f),Binary(Minus,Var(x),N(1.0)))))),Binary(Minus,N(3.0),N(1.0)))))))))),N(0.1))
##   23: Binary(Plus,Binary(Times,N(8.0),Binary(Times,N(7.0),Binary(Times,N(6.0),Binary(Times,N(5.0),Binary(Times,N(4.0),If(B(false),N(1.0),Binary(Times,N(3.0),Call(Function(Some(f),x,If(Binary(Eq,Var(x),N(0.0)),N(1.0),Binary(Times,Var(x),Call(Var(f),Binary(Minus,Var(x),N(1.0)))))),Binary(Minus,N(3.0),N(1.0)))))))))),N(0.1))
##   24: Binary(Plus,Binary(Times,N(8.0),Binary(Times,N(7.0),Binary(Times,N(6.0),Binary(Times,N(5.0),Binary(Times,N(4.0),Binary(Times,N(3.0),Call(Function(Some(f),x,If(Binary(Eq,Var(x),N(0.0)),N(1.0),Binary(Times,Var(x),Call(Var(f),Binary(Minus,Var(x),N(1.0)))))),Binary(Minus,N(3.0),N(1.0))))))))),N(0.1))
##   25: Binary(Plus,Binary(Times,N(8.0),Binary(Times,N(7.0),Binary(Times,N(6.0),Binary(Times,N(5.0),Binary(Times,N(4.0),Binary(Times,N(3.0),Call(Function(Some(f),x,If(Binary(Eq,Var(x),N(0.0)),N(1.0),Binary(Times,Var(x),Call(Var(f),Binary(Minus,Var(x),N(1.0)))))),N(2.0)))))))),N(0.1))
##   26: Binary(Plus,Binary(Times,N(8.0),Binary(Times,N(7.0),Binary(Times,N(6.0),Binary(Times,N(5.0),Binary(Times,N(4.0),Binary(Times,N(3.0),If(Binary(Eq,N(2.0),N(0.0)),N(1.0),Binary(Times,N(2.0),Call(Function(Some(f),x,If(Binary(Eq,Var(x),N(0.0)),N(1.0),Binary(Times,Var(x),Call(Var(f),Binary(Minus,Var(x),N(1.0)))))),Binary(Minus,N(2.0),N(1.0))))))))))),N(0.1))
##   27: Binary(Plus,Binary(Times,N(8.0),Binary(Times,N(7.0),Binary(Times,N(6.0),Binary(Times,N(5.0),Binary(Times,N(4.0),Binary(Times,N(3.0),If(B(false),N(1.0),Binary(Times,N(2.0),Call(Function(Some(f),x,If(Binary(Eq,Var(x),N(0.0)),N(1.0),Binary(Times,Var(x),Call(Var(f),Binary(Minus,Var(x),N(1.0)))))),Binary(Minus,N(2.0),N(1.0))))))))))),N(0.1))
##   28: Binary(Plus,Binary(Times,N(8.0),Binary(Times,N(7.0),Binary(Times,N(6.0),Binary(Times,N(5.0),Binary(Times,N(4.0),Binary(Times,N(3.0),Binary(Times,N(2.0),Call(Function(Some(f),x,If(Binary(Eq,Var(x),N(0.0)),N(1.0),Binary(Times,Var(x),Call(Var(f),Binary(Minus,Var(x),N(1.0)))))),Binary(Minus,N(2.0),N(1.0)))))))))),N(0.1))
##   29: Binary(Plus,Binary(Times,N(8.0),Binary(Times,N(7.0),Binary(Times,N(6.0),Binary(Times,N(5.0),Binary(Times,N(4.0),Binary(Times,N(3.0),Binary(Times,N(2.0),Call(Function(Some(f),x,If(Binary(Eq,Var(x),N(0.0)),N(1.0),Binary(Times,Var(x),Call(Var(f),Binary(Minus,Var(x),N(1.0)))))),N(1.0))))))))),N(0.1))
##   30: Binary(Plus,Binary(Times,N(8.0),Binary(Times,N(7.0),Binary(Times,N(6.0),Binary(Times,N(5.0),Binary(Times,N(4.0),Binary(Times,N(3.0),Binary(Times,N(2.0),If(Binary(Eq,N(1.0),N(0.0)),N(1.0),Binary(Times,N(1.0),Call(Function(Some(f),x,If(Binary(Eq,Var(x),N(0.0)),N(1.0),Binary(Times,Var(x),Call(Var(f),Binary(Minus,Var(x),N(1.0)))))),Binary(Minus,N(1.0),N(1.0)))))))))))),N(0.1))
##   31: Binary(Plus,Binary(Times,N(8.0),Binary(Times,N(7.0),Binary(Times,N(6.0),Binary(Times,N(5.0),Binary(Times,N(4.0),Binary(Times,N(3.0),Binary(Times,N(2.0),If(B(false),N(1.0),Binary(Times,N(1.0),Call(Function(Some(f),x,If(Binary(Eq,Var(x),N(0.0)),N(1.0),Binary(Times,Var(x),Call(Var(f),Binary(Minus,Var(x),N(1.0)))))),Binary(Minus,N(1.0),N(1.0)))))))))))),N(0.1))
##   32: Binary(Plus,Binary(Times,N(8.0),Binary(Times,N(7.0),Binary(Times,N(6.0),Binary(Times,N(5.0),Binary(Times,N(4.0),Binary(Times,N(3.0),Binary(Times,N(2.0),Binary(Times,N(1.0),Call(Function(Some(f),x,If(Binary(Eq,Var(x),N(0.0)),N(1.0),Binary(Times,Var(x),Call(Var(f),Binary(Minus,Var(x),N(1.0)))))),Binary(Minus,N(1.0),N(1.0))))))))))),N(0.1))
##   33: Binary(Plus,Binary(Times,N(8.0),Binary(Times,N(7.0),Binary(Times,N(6.0),Binary(Times,N(5.0),Binary(Times,N(4.0),Binary(Times,N(3.0),Binary(Times,N(2.0),Binary(Times,N(1.0),Call(Function(Some(f),x,If(Binary(Eq,Var(x),N(0.0)),N(1.0),Binary(Times,Var(x),Call(Var(f),Binary(Minus,Var(x),N(1.0)))))),N(0.0)))))))))),N(0.1))
##   34: Binary(Plus,Binary(Times,N(8.0),Binary(Times,N(7.0),Binary(Times,N(6.0),Binary(Times,N(5.0),Binary(Times,N(4.0),Binary(Times,N(3.0),Binary(Times,N(2.0),Binary(Times,N(1.0),If(Binary(Eq,N(0.0),N(0.0)),N(1.0),Binary(Times,N(0.0),Call(Function(Some(f),x,If(Binary(Eq,Var(x),N(0.0)),N(1.0),Binary(Times,Var(x),Call(Var(f),Binary(Minus,Var(x),N(1.0)))))),Binary(Minus,N(0.0),N(1.0))))))))))))),N(0.1))
##   35: Binary(Plus,Binary(Times,N(8.0),Binary(Times,N(7.0),Binary(Times,N(6.0),Binary(Times,N(5.0),Binary(Times,N(4.0),Binary(Times,N(3.0),Binary(Times,N(2.0),Binary(Times,N(1.0),If(B(true),N(1.0),Binary(Times,N(0.0),Call(Function(Some(f),x,If(Binary(Eq,Var(x),N(0.0)),N(1.0),Binary(Times,Var(x),Call(Var(f),Binary(Minus,Var(x),N(1.0)))))),Binary(Minus,N(0.0),N(1.0))))))))))))),N(0.1))
##   36: Binary(Plus,Binary(Times,N(8.0),Binary(Times,N(7.0),Binary(Times,N(6.0),Binary(Times,N(5.0),Binary(Times,N(4.0),Binary(Times,N(3.0),Binary(Times,N(2.0),Binary(Times,N(1.0),N(1.0))))))))),N(0.1))
##   37: Binary(Plus,Binary(Times,N(8.0),Binary(Times,N(7.0),Binary(Times,N(6.0),Binary(Times,N(5.0),Binary(Times,N(4.0),Binary(Times,N(3.0),Binary(Times,N(2.0),N(1.0)))))))),N(0.1))
##   38: Binary(Plus,Binary(Times,N(8.0),Binary(Times,N(7.0),Binary(Times,N(6.0),Binary(Times,N(5.0),Binary(Times,N(4.0),Binary(Times,N(3.0),N(2.0))))))),N(0.1))
##   39: Binary(Plus,Binary(Times,N(8.0),Binary(Times,N(7.0),Binary(Times,N(6.0),Binary(Times,N(5.0),Binary(Times,N(4.0),N(6.0)))))),N(0.1))
##   40: Binary(Plus,Binary(Times,N(8.0),Binary(Times,N(7.0),Binary(Times,N(6.0),Binary(Times,N(5.0),N(24.0))))),N(0.1))
##   41: Binary(Plus,Binary(Times,N(8.0),Binary(Times,N(7.0),Binary(Times,N(6.0),N(120.0)))),N(0.1))
##   42: Binary(Plus,Binary(Times,N(8.0),Binary(Times,N(7.0),N(720.0))),N(0.1))
##   43: Binary(Plus,Binary(Times,N(8.0),N(5040.0)),N(0.1))
##   44: Binary(Plus,N(40320.0),N(0.1))
##   45: N(40320.1)
40320.1
